Sample	GRiD	95% CI	GRiD unrefined	Species heterogeneity	Coverage	dnaA/ori ratio	ter/dif ratio
plugins/GRiD/example/output.grid	1.04	1.05 - 2.59	1.21	0.140495867768595	0.557	1.00439603486619	0.86849645722192
